// Jest Snapshot v1, https://goo.gl/fbAQLP

exports[`Header Component should render Header component correctly 1`] = `
<Box
  sx={
    Object {
      "bg": "gray.400",
    }
  }
>
  <Heading
    sx={
      Object {
        "color": "#FFF",
        "p": 3,
        "textAlign": "center",
      }
    }
  >
    Aldo Store
  </Heading>
</Box>
`;
